[2026-05-13T12:20:22.285Z] GET https://dynatrace-wwse.github.io/enablement-kubernetes-opentelemetry/ → 200 (116ms, 23940B)
[2026-05-13T12:20:22.406Z] GET https://dynatrace-wwse.github.io/enablement-kubernetes-opentelemetry/assets/stylesheets/main.0253249f.min.css → 200 (127ms, 131641B)
[2026-05-13T12:20:22.406Z] GET https://dynatrace-wwse.github.io/enablement-kubernetes-opentelemetry/assets/stylesheets/palette.06af60db.min.css → 200 (91ms, 12522B)
[2026-05-13T12:20:22.406Z] GET https://js-cdn.dynatrace.com/jstag/1612cf70810/bf81393wlb/ad7b68fd2b9d9448_complete.js → 200 (424ms, 363099B)
[2026-05-13T12:20:22.407Z] GET https://fonts.googleapis.com/css?family=Inter:300,300i,400,400i,700,700i%7CJetBrains+Mono:400,400i,700,700i&display=fallback → 200 (23ms, 25131B)
[2026-05-13T12:20:22.407Z] GET https://dynatrace-wwse.github.io/enablement-kubernetes-opentelemetry/stylesheets/extra.css → 404 (105ms, ?B)
[2026-05-13T12:20:22.407Z] GET https://cdn.bfldr.com/B686QPH3/at/w5hnjzb32k5wcrcxnwcx4ckg/Dynatrace_signet_RGB_HTML.svg?auto=webp&format=pngg → 200 (11ms, 4068B)
[2026-05-13T12:20:22.408Z] GET https://dynatrace-wwse.github.io/enablement-kubernetes-opentelemetry/img/lab_reference_architecture.png → 200 (114ms, 255648B)
[2026-05-13T12:20:22.408Z] GET https://dynatrace-wwse.github.io/enablement-kubernetes-opentelemetry/assets/javascripts/bundle.83f73b43.min.js → 200 (126ms, 108360B)
[2026-05-13T12:20:22.967Z] GET https://dynatrace-wwse.github.io/enablement-kubernetes-opentelemetry/assets/javascripts/workers/search.6ce7567c.min.js → pending (?ms, ?B)
[2026-05-13T12:20:22.991Z] GET https://fonts.gstatic.com/s/inter/v20/UcC73FwrK3iLTeHuS_nVMrMxCp50SjIa1ZL7.woff2 → 200 (33ms, ?B)
[2026-05-13T12:20:22.992Z] GET https://dynatrace-wwse.github.io/enablement-kubernetes-opentelemetry/stylesheets/extra.css → 404 (1ms, ?B)
[2026-05-13T12:20:22.992Z] GET https://dynatrace-wwse.github.io/enablement-kubernetes-opentelemetry/sitemap.xml → pending (?ms, ?B)
[2026-05-13T12:20:22.992Z] GET https://dynatrace-wwse.github.io/enablement-kubernetes-opentelemetry/search/search_index.json → pending (?ms, ?B)
[2026-05-13T12:20:22.993Z] GET https://api.github.com/repos/dynatrace-wwse/enablement-kubernetes-opentelemetry/releases/latest → pending (?ms, ?B)
[2026-05-13T12:20:22.993Z] GET https://api.github.com/repos/dynatrace-wwse/enablement-kubernetes-opentelemetry → pending (?ms, ?B)
[2026-05-13T12:20:22.997Z] GET https://cdn.bfldr.com/B686QPH3/at/w5hnjzb32k5wcrcxnwcx4ckg/Dynatrace_signet_RGB_HTML.svg?auto=webp&format=pngg → 200 (8ms, ?B)
[2026-05-13T12:20:23.021Z] POST https://bf81393wlb.bf.dynatrace.com/bf?type=js3&sn=v_4_srv_-2D17674_sn_MSI68FS9OB1FTJ2UJEQ3J9J6J7BLEHBU&svrid=-17674&flavor=cors&vi=KFDVBVFQBRAFKCAMOAFCRKGKCCBBHWCJ-0&contentType=event&modifiedSince=1778126739245&bp=3&app=ad7b68fd2b9d9448&v=10337260504112724&st=1778674823008&crc=1510483433&en=dq7j9st3&end=1 → pending (?ms, ?B)
[2026-05-13T12:20:24.285Z] POST https://bf81393wlb.bf.dynatrace.com/bf?type=js3&sn=v_4_srv_8_sn_MSI68FS9OB1FTJ2UJEQ3J9J6J7BLEHBU_app-3Aad7b68fd2b9d9448_1_ol_0_perc_100000_mul_1&svrid=8&flavor=cors&vi=KFDVBVFQBRAFKCAMOAFCRKGKCCBBHWCJ-0&modifiedSince=1778126739245&bp=3&app=ad7b68fd2b9d9448&crc=1748445569&en=dq7j9st3&end=1 → 200 (79ms, 213B)
[2026-05-13T12:20:25.028Z] POST https://bf81393wlb.bf.dynatrace.com/bf?sc=5&ty=js&pv=4&ai=ad7b68fd2b9d9448&en=dq7j9st3&cr=1778126739245&av=1.337.9&cy=event&bc=1116731676&co=snappy&si=v_4_srv_8_sn_MSI68FS9OB1FTJ2UJEQ3J9J6J7BLEHBU_app-3Aad7b68fd2b9d9448_1_ol_0_perc_100000_mul_1&st=1778674825025&ss=0&qc=3799323578&end=1 → 200 (78ms, 66B)
[2026-05-13T12:20:26.303Z] POST https://bf81393wlb.bf.dynatrace.com/bf?type=js3&sn=v_4_srv_8_sn_MSI68FS9OB1FTJ2UJEQ3J9J6J7BLEHBU_app-3Aad7b68fd2b9d9448_1_ol_0_perc_100000_mul_1&svrid=8&flavor=cors&vi=KFDVBVFQBRAFKCAMOAFCRKGKCCBBHWCJ-0&modifiedSince=1778126739245&bp=3&app=ad7b68fd2b9d9448&crc=1536739036&en=dq7j9st3&end=1 → 200 (79ms, 213B)
[2026-05-13T12:21:17.436Z] GET https://dynatrace-wwse.github.io/enablement-kubernetes-opentelemetry/4-opentelemetry-logs/ → 200 (101ms, 98768B)
[2026-05-13T12:21:17.547Z] POST https://bf81393wlb.bf.dynatrace.com/bf?type=js3&sn=v_4_srv_8_sn_MSI68FS9OB1FTJ2UJEQ3J9J6J7BLEHBU_app-3Aad7b68fd2b9d9448_1_ol_0_perc_100000_mul_1&svrid=8&flavor=cors&vi=KFDVBVFQBRAFKCAMOAFCRKGKCCBBHWCJ-0&modifiedSince=1778126739245&bp=3&app=ad7b68fd2b9d9448&crc=2354919539&en=dq7j9st3&end=1 → pending (?ms, ?B)
[2026-05-13T12:21:17.547Z] POST https://bf81393wlb.bf.dynatrace.com/bf?sc=2&ty=js&pv=4&ai=ad7b68fd2b9d9448&en=dq7j9st3&cr=1778126739245&av=1.337.9&cy=event&bc=1990712515&co=snappy&si=v_4_srv_8_sn_MSI68FS9OB1FTJ2UJEQ3J9J6J7BLEHBU_app-3Aad7b68fd2b9d9448_1_ol_0_perc_100000_mul_1&st=1778674877544&ss=1&qc=2875446226&end=1 → pending (?ms, ?B)
[2026-05-13T12:21:17.558Z] GET https://dynatrace-wwse.github.io/enablement-kubernetes-opentelemetry/assets/stylesheets/main.0253249f.min.css → 200 (?ms, 131641B)
[2026-05-13T12:21:17.558Z] GET https://dynatrace-wwse.github.io/enablement-kubernetes-opentelemetry/assets/stylesheets/palette.06af60db.min.css → 200 (?ms, 12522B)
[2026-05-13T12:21:17.559Z] GET https://js-cdn.dynatrace.com/jstag/1612cf70810/bf81393wlb/ad7b68fd2b9d9448_complete.js → 200 (?ms, 363099B)
[2026-05-13T12:21:17.559Z] GET https://fonts.googleapis.com/css?family=Inter:300,300i,400,400i,700,700i%7CJetBrains+Mono:400,400i,700,700i&display=fallback → 200 (?ms, 25131B)
[2026-05-13T12:21:17.559Z] GET https://dynatrace-wwse.github.io/enablement-kubernetes-opentelemetry/stylesheets/extra.css → 404 (21ms, ?B)
[2026-05-13T12:21:17.559Z] GET https://cdn.bfldr.com/B686QPH3/at/w5hnjzb32k5wcrcxnwcx4ckg/Dynatrace_signet_RGB_HTML.svg?auto=webp&format=pngg → 200 (20ms, 4068B)
[2026-05-13T12:21:17.559Z] GET https://dynatrace-wwse.github.io/enablement-kubernetes-opentelemetry/img/logs-astronomy-shop_logs.png → 200 (209ms, 224842B)
[2026-05-13T12:21:17.559Z] GET https://dynatrace-wwse.github.io/enablement-kubernetes-opentelemetry/img/logs-dql_filelog_receiver.png → 200 (209ms, 433427B)
[2026-05-13T12:21:17.559Z] GET https://dynatrace-wwse.github.io/enablement-kubernetes-opentelemetry/img/logs-dql_k8sattributes_processor.png → 200 (211ms, 410678B)
[2026-05-13T12:21:17.560Z] GET https://dynatrace-wwse.github.io/enablement-kubernetes-opentelemetry/img/logs-dql_resourcedetection_processor.png → 200 (211ms, 420560B)
[2026-05-13T12:21:17.560Z] GET https://dynatrace-wwse.github.io/enablement-kubernetes-opentelemetry/img/logs-dql_resource_processor.png → 200 (215ms, 473552B)
[2026-05-13T12:21:17.560Z] GET https://dynatrace-wwse.github.io/enablement-kubernetes-opentelemetry/img/logs-dql_otel_sdk_logs.png → 200 (211ms, 368981B)
[2026-05-13T12:21:17.560Z] GET https://dynatrace-wwse.github.io/enablement-kubernetes-opentelemetry/img/logs-dql_k8s_events.png → 200 (210ms, 307678B)
[2026-05-13T12:21:17.560Z] GET https://dynatrace-wwse.github.io/enablement-kubernetes-opentelemetry/assets/javascripts/bundle.83f73b43.min.js → 200 (?ms, 108360B)
[2026-05-13T12:21:17.659Z] GET https://fonts.gstatic.com/s/inter/v20/UcC73FwrK3iLTeHuS_nVMrMxCp50SjIa1ZL7.woff2 → 200 (1ms, ?B)
[2026-05-13T12:21:17.660Z] GET https://fonts.gstatic.com/s/jetbrainsmono/v24/tDbv2o-flEEny0FZhsfKu5WU4zr3E_BX0PnT8RD8yKwBNntkaToggR7BYRbKPxDcwg.woff2 → 200 (107ms, 31432B)
[2026-05-13T12:21:17.660Z] GET https://cdn.bfldr.com/B686QPH3/at/w5hnjzb32k5wcrcxnwcx4ckg/Dynatrace_signet_RGB_HTML.svg?auto=webp&format=pngg → 200 (106ms, 4068B)
[2026-05-13T12:21:17.677Z] GET https://dynatrace-wwse.github.io/enablement-kubernetes-opentelemetry/assets/javascripts/workers/search.6ce7567c.min.js → 200 (122ms, 39565B)
[2026-05-13T12:21:17.764Z] GET https://dynatrace-wwse.github.io/enablement-kubernetes-opentelemetry/stylesheets/extra.css → 404 (3ms, ?B)
[2026-05-13T12:21:17.765Z] GET https://dynatrace-wwse.github.io/enablement-kubernetes-opentelemetry/sitemap.xml → 200 (34ms, 109B)
[2026-05-13T12:21:17.765Z] GET https://dynatrace-wwse.github.io/enablement-kubernetes-opentelemetry/search/search_index.json → 200 (34ms, 104037B)
[2026-05-13T12:21:17.886Z] POST https://bf81393wlb.bf.dynatrace.com/bf?type=js3&sn=v_4_srv_8_sn_MSI68FS9OB1FTJ2UJEQ3J9J6J7BLEHBU_app-3Aad7b68fd2b9d9448_1_ol_0_perc_100000_mul_1&svrid=8&flavor=cors&vi=KFDVBVFQBRAFKCAMOAFCRKGKCCBBHWCJ-0&contentType=event&modifiedSince=1778126739245&bp=3&app=ad7b68fd2b9d9448&v=10337260504112724&st=1778674877841&crc=1993225585&en=dq7j9st3&end=1 → 200 (37ms, 213B)
[2026-05-13T12:21:19.124Z] POST https://bf81393wlb.bf.dynatrace.com/bf?type=js3&sn=v_4_srv_8_sn_MSI68FS9OB1FTJ2UJEQ3J9J6J7BLEHBU_app-3Aad7b68fd2b9d9448_1_ol_0_perc_100000_mul_1&svrid=8&flavor=cors&vi=KFDVBVFQBRAFKCAMOAFCRKGKCCBBHWCJ-0&modifiedSince=1778126739245&bp=3&app=ad7b68fd2b9d9448&crc=2104180500&en=dq7j9st3&end=1 → 200 (78ms, 213B)
[2026-05-13T12:21:19.891Z] POST https://bf81393wlb.bf.dynatrace.com/bf?sc=5&ty=js&pv=4&ai=ad7b68fd2b9d9448&en=dq7j9st3&cr=1778126739245&av=1.337.9&cy=event&bc=2609277560&co=snappy&si=v_4_srv_8_sn_MSI68FS9OB1FTJ2UJEQ3J9J6J7BLEHBU_app-3Aad7b68fd2b9d9448_1_ol_0_perc_100000_mul_1&st=1778674879888&ss=0&qc=907763918&end=1 → 200 (77ms, 66B)
[2026-05-13T12:21:21.123Z] POST https://bf81393wlb.bf.dynatrace.com/bf?type=js3&sn=v_4_srv_8_sn_MSI68FS9OB1FTJ2UJEQ3J9J6J7BLEHBU_app-3Aad7b68fd2b9d9448_1_ol_0_perc_100000_mul_1&svrid=8&flavor=cors&vi=KFDVBVFQBRAFKCAMOAFCRKGKCCBBHWCJ-0&modifiedSince=1778126739245&bp=3&app=ad7b68fd2b9d9448&crc=40543121&en=dq7j9st3&end=1 → 200 (78ms, 213B)
[2026-05-13T12:21:21.143Z] POST https://bf81393wlb.bf.dynatrace.com/bf?type=js3&sn=v_4_srv_8_sn_MSI68FS9OB1FTJ2UJEQ3J9J6J7BLEHBU_app-3Aad7b68fd2b9d9448_1_ol_0_perc_100000_mul_1&svrid=8&flavor=cors&vi=KFDVBVFQBRAFKCAMOAFCRKGKCCBBHWCJ-0&modifiedSince=1778126739245&bp=3&app=ad7b68fd2b9d9448&crc=772786173&en=dq7j9st3&end=1 → 200 (79ms, 213B)
[2026-05-13T12:21:22.425Z] POST https://bf81393wlb.bf.dynatrace.com/bf?sc=5&ty=js&pv=4&ai=ad7b68fd2b9d9448&en=dq7j9st3&cr=1778126739245&av=1.337.9&cy=event&bc=540790537&co=snappy&si=v_4_srv_8_sn_MSI68FS9OB1FTJ2UJEQ3J9J6J7BLEHBU_app-3Aad7b68fd2b9d9448_1_ol_0_perc_100000_mul_1&st=1778674882424&ss=0&qc=318008765&end=1 → 200 (78ms, 66B)
[2026-05-13T12:21:35.928Z] GET https://dynatrace-wwse.github.io/enablement-kubernetes-opentelemetry/4-opentelemetry-logs/ → 200 (1ms, 98768B)
[2026-05-13T12:21:35.939Z] POST https://bf81393wlb.bf.dynatrace.com/bf?type=js3&sn=v_4_srv_8_sn_MSI68FS9OB1FTJ2UJEQ3J9J6J7BLEHBU_app-3Aad7b68fd2b9d9448_1_ol_0_perc_100000_mul_1&svrid=8&flavor=cors&vi=KFDVBVFQBRAFKCAMOAFCRKGKCCBBHWCJ-0&modifiedSince=1778126739245&bp=3&app=ad7b68fd2b9d9448&crc=43125019&en=dq7j9st3&end=1 → pending (?ms, ?B)
[2026-05-13T12:21:35.939Z] POST https://bf81393wlb.bf.dynatrace.com/bf?sc=2&ty=js&pv=4&ai=ad7b68fd2b9d9448&en=dq7j9st3&cr=1778126739245&av=1.337.9&cy=event&bc=1209084800&co=snappy&si=v_4_srv_8_sn_MSI68FS9OB1FTJ2UJEQ3J9J6J7BLEHBU_app-3Aad7b68fd2b9d9448_1_ol_0_perc_100000_mul_1&st=1778674895934&ss=1&qc=2900246915&end=1 → pending (?ms, ?B)
[2026-05-13T12:21:35.944Z] GET https://dynatrace-wwse.github.io/enablement-kubernetes-opentelemetry/assets/stylesheets/main.0253249f.min.css → 200 (2ms, 131641B)
[2026-05-13T12:21:35.946Z] GET https://dynatrace-wwse.github.io/enablement-kubernetes-opentelemetry/assets/stylesheets/palette.06af60db.min.css → 200 (?ms, 12522B)
[2026-05-13T12:21:35.946Z] GET https://js-cdn.dynatrace.com/jstag/1612cf70810/bf81393wlb/ad7b68fd2b9d9448_complete.js → 200 (?ms, 363099B)
[2026-05-13T12:21:35.947Z] GET https://fonts.googleapis.com/css?family=Inter:300,300i,400,400i,700,700i%7CJetBrains+Mono:400,400i,700,700i&display=fallback → 200 (5ms, 25131B)
[2026-05-13T12:21:35.953Z] GET https://dynatrace-wwse.github.io/enablement-kubernetes-opentelemetry/stylesheets/extra.css → 404 (3ms, ?B)
[2026-05-13T12:21:35.953Z] GET https://cdn.bfldr.com/B686QPH3/at/w5hnjzb32k5wcrcxnwcx4ckg/Dynatrace_signet_RGB_HTML.svg?auto=webp&format=pngg → 200 (3ms, 4068B)
[2026-05-13T12:21:35.953Z] GET https://dynatrace-wwse.github.io/enablement-kubernetes-opentelemetry/img/logs-astronomy-shop_logs.png → 200 (?ms, 224842B)
[2026-05-13T12:21:35.953Z] GET https://dynatrace-wwse.github.io/enablement-kubernetes-opentelemetry/img/logs-dql_filelog_receiver.png → 200 (?ms, 433427B)
[2026-05-13T12:21:35.953Z] GET https://dynatrace-wwse.github.io/enablement-kubernetes-opentelemetry/img/logs-dql_k8sattributes_processor.png → 200 (?ms, 410678B)
[2026-05-13T12:21:35.953Z] GET https://dynatrace-wwse.github.io/enablement-kubernetes-opentelemetry/img/logs-dql_resourcedetection_processor.png → 200 (?ms, 420560B)
[2026-05-13T12:21:35.954Z] GET https://dynatrace-wwse.github.io/enablement-kubernetes-opentelemetry/img/logs-dql_resource_processor.png → 200 (?ms, 473552B)
[2026-05-13T12:21:35.954Z] GET https://dynatrace-wwse.github.io/enablement-kubernetes-opentelemetry/img/logs-dql_otel_sdk_logs.png → 200 (?ms, 368981B)
[2026-05-13T12:21:35.954Z] GET https://dynatrace-wwse.github.io/enablement-kubernetes-opentelemetry/img/logs-dql_k8s_events.png → 200 (?ms, 307678B)
[2026-05-13T12:21:35.954Z] GET https://dynatrace-wwse.github.io/enablement-kubernetes-opentelemetry/assets/javascripts/bundle.83f73b43.min.js → 200 (?ms, 108360B)
[2026-05-13T12:21:35.963Z] GET https://fonts.gstatic.com/s/inter/v20/UcC73FwrK3iLTeHuS_nVMrMxCp50SjIa1ZL7.woff2 → 200 (1ms, ?B)
[2026-05-13T12:21:35.964Z] GET https://fonts.gstatic.com/s/jetbrainsmono/v24/tDbv2o-flEEny0FZhsfKu5WU4zr3E_BX0PnT8RD8yKwBNntkaToggR7BYRbKPxDcwg.woff2 → 200 (?ms, ?B)
[2026-05-13T12:21:36.005Z] GET https://cdn.bfldr.com/B686QPH3/at/w5hnjzb32k5wcrcxnwcx4ckg/Dynatrace_signet_RGB_HTML.svg?auto=webp&format=pngg → 200 (33ms, ?B)
[2026-05-13T12:21:36.055Z] GET https://dynatrace-wwse.github.io/enablement-kubernetes-opentelemetry/assets/javascripts/workers/search.6ce7567c.min.js → pending (?ms, ?B)
[2026-05-13T12:21:36.133Z] GET https://dynatrace-wwse.github.io/enablement-kubernetes-opentelemetry/stylesheets/extra.css → 404 (1ms, ?B)
[2026-05-13T12:21:36.134Z] GET https://dynatrace-wwse.github.io/enablement-kubernetes-opentelemetry/sitemap.xml → 200 (5ms, 109B)
[2026-05-13T12:21:36.134Z] GET https://dynatrace-wwse.github.io/enablement-kubernetes-opentelemetry/search/search_index.json → 200 (6ms, 104037B)
[2026-05-13T12:21:36.201Z] POST https://bf81393wlb.bf.dynatrace.com/bf?type=js3&sn=v_4_srv_8_sn_MSI68FS9OB1FTJ2UJEQ3J9J6J7BLEHBU_app-3Aad7b68fd2b9d9448_1_ol_0_perc_100000_mul_1&svrid=8&flavor=cors&vi=KFDVBVFQBRAFKCAMOAFCRKGKCCBBHWCJ-0&contentType=event&modifiedSince=1778126739245&bp=3&app=ad7b68fd2b9d9448&v=10337260504112724&st=1778674896161&crc=1285928312&en=dq7j9st3&end=1 → 200 (40ms, 213B)
[2026-05-13T12:21:37.370Z] POST https://bf81393wlb.bf.dynatrace.com/bf?type=js3&sn=v_4_srv_8_sn_MSI68FS9OB1FTJ2UJEQ3J9J6J7BLEHBU_app-3Aad7b68fd2b9d9448_1_ol_0_perc_100000_mul_1&svrid=8&flavor=cors&vi=KFDVBVFQBRAFKCAMOAFCRKGKCCBBHWCJ-0&modifiedSince=1778126739245&bp=3&app=ad7b68fd2b9d9448&crc=745228797&en=dq7j9st3&end=1 → 200 (77ms, 213B)
[2026-05-13T12:21:38.206Z] POST https://bf81393wlb.bf.dynatrace.com/bf?sc=5&ty=js&pv=4&ai=ad7b68fd2b9d9448&en=dq7j9st3&cr=1778126739245&av=1.337.9&cy=event&bc=222669228&co=snappy&si=v_4_srv_8_sn_MSI68FS9OB1FTJ2UJEQ3J9J6J7BLEHBU_app-3Aad7b68fd2b9d9448_1_ol_0_perc_100000_mul_1&st=1778674898203&ss=0&qc=3259487233&end=1 → 200 (78ms, 66B)
[2026-05-13T12:21:39.388Z] POST https://bf81393wlb.bf.dynatrace.com/bf?type=js3&sn=v_4_srv_8_sn_MSI68FS9OB1FTJ2UJEQ3J9J6J7BLEHBU_app-3Aad7b68fd2b9d9448_1_ol_0_perc_100000_mul_1&svrid=8&flavor=cors&vi=KFDVBVFQBRAFKCAMOAFCRKGKCCBBHWCJ-0&modifiedSince=1778126739245&bp=3&app=ad7b68fd2b9d9448&crc=492716754&en=dq7j9st3&end=1 → 200 (78ms, 213B)
[2026-05-13T12:21:43.528Z] POST https://bf81393wlb.bf.dynatrace.com/bf?sc=5&ty=js&pv=4&ai=ad7b68fd2b9d9448&en=dq7j9st3&cr=1778126739245&av=1.337.9&cy=event&bc=3886472710&co=snappy&si=v_4_srv_8_sn_MSI68FS9OB1FTJ2UJEQ3J9J6J7BLEHBU_app-3Aad7b68fd2b9d9448_1_ol_0_perc_100000_mul_1&st=1778674903526&ss=0&qc=3940331427&end=1 → 200 (79ms, 66B)
[2026-05-13T12:21:57.134Z] GET https://dynatrace-wwse.github.io/enablement-kubernetes-opentelemetry/ → 200 (1ms, 23940B)
[2026-05-13T12:21:57.148Z] POST https://bf81393wlb.bf.dynatrace.com/bf?type=js3&sn=v_4_srv_8_sn_MSI68FS9OB1FTJ2UJEQ3J9J6J7BLEHBU_app-3Aad7b68fd2b9d9448_1_ol_0_perc_100000_mul_1&svrid=8&flavor=cors&vi=KFDVBVFQBRAFKCAMOAFCRKGKCCBBHWCJ-0&modifiedSince=1778126739245&bp=3&app=ad7b68fd2b9d9448&crc=4061043410&en=dq7j9st3&end=1 → pending (?ms, ?B)
[2026-05-13T12:21:57.148Z] POST https://bf81393wlb.bf.dynatrace.com/bf?sc=2&ty=js&pv=4&ai=ad7b68fd2b9d9448&en=dq7j9st3&cr=1778126739245&av=1.337.9&cy=event&bc=3584505358&co=snappy&si=v_4_srv_8_sn_MSI68FS9OB1FTJ2UJEQ3J9J6J7BLEHBU_app-3Aad7b68fd2b9d9448_1_ol_0_perc_100000_mul_1&st=1778674917140&ss=1&qc=2999184963&end=1 → pending (?ms, ?B)
[2026-05-13T12:21:57.149Z] GET https://dynatrace-wwse.github.io/enablement-kubernetes-opentelemetry/assets/stylesheets/main.0253249f.min.css → 200 (2ms, 131641B)
[2026-05-13T12:21:57.151Z] GET https://dynatrace-wwse.github.io/enablement-kubernetes-opentelemetry/assets/stylesheets/palette.06af60db.min.css → 200 (?ms, 12522B)
[2026-05-13T12:21:57.151Z] GET https://js-cdn.dynatrace.com/jstag/1612cf70810/bf81393wlb/ad7b68fd2b9d9448_complete.js → 200 (?ms, 363099B)
[2026-05-13T12:21:57.151Z] GET https://fonts.googleapis.com/css?family=Inter:300,300i,400,400i,700,700i%7CJetBrains+Mono:400,400i,700,700i&display=fallback → 200 (?ms, 25131B)
[2026-05-13T12:21:57.151Z] GET https://dynatrace-wwse.github.io/enablement-kubernetes-opentelemetry/stylesheets/extra.css → 404 (18ms, ?B)
[2026-05-13T12:21:57.151Z] GET https://cdn.bfldr.com/B686QPH3/at/w5hnjzb32k5wcrcxnwcx4ckg/Dynatrace_signet_RGB_HTML.svg?auto=webp&format=pngg → 200 (2ms, 4068B)
[2026-05-13T12:21:57.151Z] GET https://dynatrace-wwse.github.io/enablement-kubernetes-opentelemetry/img/lab_reference_architecture.png → 200 (1ms, 255648B)
[2026-05-13T12:21:57.152Z] GET https://dynatrace-wwse.github.io/enablement-kubernetes-opentelemetry/assets/javascripts/bundle.83f73b43.min.js → 200 (?ms, 108360B)
[2026-05-13T12:21:57.210Z] GET https://dynatrace-wwse.github.io/enablement-kubernetes-opentelemetry/assets/javascripts/workers/search.6ce7567c.min.js → 200 (28ms, 39565B)
[2026-05-13T12:21:57.228Z] GET https://fonts.gstatic.com/s/inter/v20/UcC73FwrK3iLTeHuS_nVMrMxCp50SjIa1ZL7.woff2 → 200 (1ms, ?B)
[2026-05-13T12:21:57.229Z] GET https://fonts.gstatic.com/s/jetbrainsmono/v24/tDbv2o-flEEny0FZhsfKu5WU4zr3E_BX0PnT8RD8yKwBNntkaToggR7BYRbKPxDcwg.woff2 → 200 (?ms, ?B)
[2026-05-13T12:21:57.229Z] GET https://dynatrace-wwse.github.io/enablement-kubernetes-opentelemetry/stylesheets/extra.css → 404 (1ms, ?B)
[2026-05-13T12:21:57.229Z] GET https://dynatrace-wwse.github.io/enablement-kubernetes-opentelemetry/sitemap.xml → 200 (6ms, 109B)
[2026-05-13T12:21:57.230Z] GET https://dynatrace-wwse.github.io/enablement-kubernetes-opentelemetry/search/search_index.json → 200 (6ms, 104037B)
[2026-05-13T12:21:57.234Z] GET https://cdn.bfldr.com/B686QPH3/at/w5hnjzb32k5wcrcxnwcx4ckg/Dynatrace_signet_RGB_HTML.svg?auto=webp&format=pngg → 200 (6ms, 4068B)
[2026-05-13T12:21:57.248Z] POST https://bf81393wlb.bf.dynatrace.com/bf?type=js3&sn=v_4_srv_8_sn_MSI68FS9OB1FTJ2UJEQ3J9J6J7BLEHBU_app-3Aad7b68fd2b9d9448_1_ol_0_perc_100000_mul_1&svrid=8&flavor=cors&vi=KFDVBVFQBRAFKCAMOAFCRKGKCCBBHWCJ-0&contentType=event&modifiedSince=1778126739245&bp=3&app=ad7b68fd2b9d9448&v=10337260504112724&st=1778674917244&crc=935872138&en=dq7j9st3&end=1 → 200 (77ms, 213B)
[2026-05-13T12:21:58.341Z] POST https://bf81393wlb.bf.dynatrace.com/bf?type=js3&sn=v_4_srv_8_sn_MSI68FS9OB1FTJ2UJEQ3J9J6J7BLEHBU_app-3Aad7b68fd2b9d9448_1_ol_0_perc_100000_mul_1&svrid=8&flavor=cors&vi=KFDVBVFQBRAFKCAMOAFCRKGKCCBBHWCJ-0&modifiedSince=1778126739245&bp=3&app=ad7b68fd2b9d9448&crc=3869982574&en=dq7j9st3&end=1 → 200 (79ms, 213B)
[2026-05-13T12:21:59.253Z] POST https://bf81393wlb.bf.dynatrace.com/bf?sc=5&ty=js&pv=4&ai=ad7b68fd2b9d9448&en=dq7j9st3&cr=1778126739245&av=1.337.9&cy=event&bc=4132706333&co=snappy&si=v_4_srv_8_sn_MSI68FS9OB1FTJ2UJEQ3J9J6J7BLEHBU_app-3Aad7b68fd2b9d9448_1_ol_0_perc_100000_mul_1&st=1778674919251&ss=0&qc=1061110037&end=1 → 200 (78ms, 66B)
[2026-05-13T12:22:00.360Z] POST https://bf81393wlb.bf.dynatrace.com/bf?type=js3&sn=v_4_srv_8_sn_MSI68FS9OB1FTJ2UJEQ3J9J6J7BLEHBU_app-3Aad7b68fd2b9d9448_1_ol_0_perc_100000_mul_1&svrid=8&flavor=cors&vi=KFDVBVFQBRAFKCAMOAFCRKGKCCBBHWCJ-0&modifiedSince=1778126739245&bp=3&app=ad7b68fd2b9d9448&crc=723061552&en=dq7j9st3&end=1 → 200 (78ms, 213B)
[2026-05-13T12:22:48.611Z] GET https://dynatrace-wwse.github.io/stylesheets/extra.css → 404 (93ms, 808B)
[2026-05-13T12:22:52.209Z] POST https://bf81393wlb.bf.dynatrace.com/bf?sc=5&ty=js&pv=4&ai=ad7b68fd2b9d9448&en=dq7j9st3&cr=1778126739245&av=1.337.9&cy=event&bc=109501942&co=snappy&si=v_4_srv_8_sn_MSI68FS9OB1FTJ2UJEQ3J9J6J7BLEHBU_app-3Aad7b68fd2b9d9448_1_ol_0_perc_100000_mul_1&st=1778674972206&ss=0&qc=2334355385&end=1 → 200 (78ms, 66B)
